--------- beginning of main
09-14 21:53:34.064 28132 28132 D GPKeyboard: hatX=0.0 hatY=1.0 stickX=0.003921628 stickY=0.003921628
09-14 21:53:34.064 28132 28132 D GPKeyboard: hat DOWN
09-14 21:53:34.289 28132 28132 D GPKeyboard: hatX=0.0 hatY=1.0 stickX=0.003921628 stickY=0.003921628
09-14 21:53:34.289 28132 28132 D GPKeyboard: hat DOWN
09-14 21:53:34.822 28132 28132 D GPKeyboard: hatX=0.0 hatY=-1.0 stickX=0.003921628 stickY=0.003921628
09-14 21:53:34.822 28132 28132 D GPKeyboard: hat UP
09-14 21:53:35.005 28132 28132 D GPKeyboard: hatX=0.0 hatY=-1.0 stickX=0.003921628 stickY=0.003921628
09-14 21:53:35.006 28132 28132 D GPKeyboard: hat UP
09-14 21:53:35.397 28132 28132 D GPKeyboard: hatX=1.0 hatY=0.0 stickX=0.003921628 stickY=0.003921628
09-14 21:53:35.397 28132 28132 D GPKeyboard: hat RIGHT
09-14 21:53:36.146 28132 28132 D GPKeyboard: hatX=-1.0 hatY=0.0 stickX=0.003921628 stickY=0.003921628
09-14 21:53:36.146 28132 28132 D GPKeyboard: hat LEFT
09-14 21:53:36.396 28132 28132 D GPKeyboard: hatX=-1.0 hatY=0.0 stickX=0.003921628 stickY=0.003921628
09-14 21:53:36.396 28132 28132 D GPKeyboard: hat LEFT
09-14 21:53:37.030 28132 28132 D GPKeyboard: hatX=0.0 hatY=1.0 stickX=0.003921628 stickY=0.003921628
09-14 21:53:37.030 28132 28132 D GPKeyboard: hat DOWN
09-14 21:53:37.238 28132 28132 D GPKeyboard: hatX=0.0 hatY=1.0 stickX=0.003921628 stickY=0.003921628
09-14 21:53:37.238 28132 28132 D GPKeyboard: hat DOWN
09-14 21:53:38.987 28132 28132 D GPKeyboard: hatX=-1.0 hatY=0.0 stickX=0.003921628 stickY=0.003921628
09-14 21:53:38.987 28132 28132 D GPKeyboard: hat LEFT
09-14 21:53:39.253 28132 28132 D GPKeyboard: hatX=-1.0 hatY=0.0 stickX=0.003921628 stickY=0.003921628
09-14 21:53:39.253 28132 28132 D GPKeyboard: hat LEFT
09-14 21:53:39.512 28132 28132 D GPKeyboard: hatX=-1.0 hatY=0.0 stickX=0.003921628 stickY=0.003921628
09-14 21:53:39.512 28132 28132 D GPKeyboard: hat LEFT
09-14 21:53:39.661 28132 28132 D GPKeyboard: hatX=-1.0 hatY=0.0 stickX=0.003921628 stickY=0.003921628
09-14 21:53:39.662 28132 28132 D GPKeyboard: hat LEFT
09-14 21:53:39.853 28132 28132 D GPKeyboard: hatX=-1.0 hatY=0.0 stickX=0.003921628 stickY=0.003921628
09-14 21:53:39.853 28132 28132 D GPKeyboard: hat LEFT
09-14 21:53:40.486 28132 28132 D GPKeyboard: hatX=1.0 hatY=0.0 stickX=0.003921628 stickY=0.003921628
09-14 21:53:40.487 28132 28132 D GPKeyboard: hat RIGHT
09-14 21:53:40.720 28132 28132 D GPKeyboard: hatX=1.0 hatY=0.0 stickX=0.003921628 stickY=0.003921628
09-14 21:53:40.720 28132 28132 D GPKeyboard: hat RIGHT
09-14 21:53:40.927 28132 28132 D GPKeyboard: hatX=1.0 hatY=0.0 stickX=0.003921628 stickY=0.003921628
09-14 21:53:40.928 28132 28132 D GPKeyboard: hat RIGHT
09-14 21:53:41.202 28132 28132 D GPKeyboard: hatX=1.0 hatY=0.0 stickX=0.003921628 stickY=0.003921628
09-14 21:53:41.202 28132 28132 D GPKeyboard: hat RIGHT
09-14 21:53:41.319 28132 28132 D GPKeyboard: hatX=1.0 hatY=0.0 stickX=0.003921628 stickY=0.003921628
09-14 21:53:41.319 28132 28132 D GPKeyboard: hat RIGHT
09-14 21:53:41.477 28132 28132 D GPKeyboard: hatX=1.0 hatY=0.0 stickX=0.003921628 stickY=0.003921628
09-14 21:53:41.477 28132 28132 D GPKeyboard: hat RIGHT
09-14 21:53:41.986 28132 28132 D GPKeyboard: hatX=0.0 hatY=-1.0 stickX=0.003921628 stickY=0.003921628
09-14 21:53:41.986 28132 28132 D GPKeyboard: hat UP
09-14 21:53:42.168 28132 28132 D GPKeyboard: hatX=0.0 hatY=-1.0 stickX=0.003921628 stickY=0.003921628
09-14 21:53:42.168 28132 28132 D GPKeyboard: hat UP
09-14 21:53:42.735 28132 28132 D GPKeyboard: hatX=0.0 hatY=1.0 stickX=0.003921628 stickY=0.003921628
09-14 21:53:42.735 28132 28132 D GPKeyboard: hat DOWN
09-14 21:53:42.893 28132 28132 D GPKeyboard: hatX=0.0 hatY=1.0 stickX=0.003921628 stickY=0.003921628
09-14 21:53:42.893 28132 28132 D GPKeyboard: hat DOWN
09-14 21:53:43.359 28132 28132 D GPKeyboard: hatX=1.0 hatY=0.0 stickX=0.003921628 stickY=0.003921628
09-14 21:53:43.359 28132 28132 D GPKeyboard: hat RIGHT
09-14 21:53:43.518 28132 28132 D GPKeyboard: hatX=1.0 hatY=0.0 stickX=0.003921628 stickY=0.003921628
09-14 21:53:43.518 28132 28132 D GPKeyboard: hat RIGHT
09-14 21:53:43.742 28132 28132 D GPKeyboard: hatX=1.0 hatY=0.0 stickX=0.003921628 stickY=0.003921628
09-14 21:53:43.742 28132 28132 D GPKeyboard: hat RIGHT
09-14 21:53:43.926 28132 28132 D GPKeyboard: hatX=1.0 hatY=0.0 stickX=0.003921628 stickY=0.003921628
09-14 21:53:43.926 28132 28132 D GPKeyboard: hat RIGHT
09-14 21:53:44.426 28132 28132 D GPKeyboard: hatX=-1.0 hatY=0.0 stickX=0.003921628 stickY=0.003921628
09-14 21:53:44.426 28132 28132 D GPKeyboard: hat LEFT
09-14 21:53:44.626 28132 28132 D GPKeyboard: hatX=-1.0 hatY=0.0 stickX=0.003921628 stickY=0.003921628
09-14 21:53:44.626 28132 28132 D GPKeyboard: hat LEFT
09-14 21:53:44.975 28132 28132 D GPKeyboard: hatX=-1.0 hatY=0.0 stickX=0.003921628 stickY=0.003921628
09-14 21:53:44.976 28132 28132 D GPKeyboard: hat LEFT
09-14 21:53:45.184 28132 28132 D GPKeyboard: hatX=-1.0 hatY=0.0 stickX=0.003921628 stickY=0.003921628
09-14 21:53:45.184 28132 28132 D GPKeyboard: hat LEFT
